<?php return array (
  0 => 'Symfony\\Bundle\\FrameworkBundle\\Controller\\AbstractController',
  1 => 'App\\Controller\\API\\AbstractRestController',
  2 => 'App\\Controller\\API\\AwardsController',
  3 => 'App\\Controller\\API\\ClarificationController',
  4 => 'App\\Controller\\API\\ContestController',
  5 => 'App\\Controller\\API\\ExecutableController',
  6 => 'App\\Controller\\API\\GeneralInfoController',
  7 => 'App\\Controller\\API\\GroupController',
  8 => 'App\\Controller\\API\\JudgehostController',
  9 => 'App\\Controller\\API\\JudgementController',
  10 => 'App\\Controller\\API\\JudgementTypeController',
  11 => 'App\\Controller\\API\\LanguageController',
  12 => 'App\\Controller\\API\\OrganizationController',
  13 => 'App\\Controller\\API\\ProblemController',
  14 => 'App\\Controller\\API\\QueryObjectTransformer',
  15 => 'App\\Controller\\API\\RunController',
  16 => 'App\\Controller\\API\\ScoreboardController',
  17 => 'App\\Controller\\API\\SubmissionController',
  18 => 'App\\Controller\\API\\TeamController',
  19 => 'App\\Controller\\API\\UserController',
  20 => 'App\\Controller\\BaseController',
  21 => 'App\\Controller\\Jury\\AnalysisController',
  22 => 'App\\Controller\\Jury\\AuditLogController',
  23 => 'App\\Controller\\Jury\\BalloonController',
  24 => 'App\\Controller\\Jury\\ClarificationController',
  25 => 'App\\Controller\\Jury\\ConfigController',
  26 => 'App\\Controller\\Jury\\ContestController',
  27 => 'App\\Controller\\Jury\\ExecutableController',
  28 => 'App\\Controller\\Jury\\ImportExportController',
  29 => 'App\\Controller\\Jury\\InternalErrorController',
  30 => 'App\\Controller\\Jury\\JudgehostController',
  31 => 'App\\Controller\\Jury\\JudgehostRestrictionController',
  32 => 'App\\Controller\\Jury\\JuryMiscController',
  33 => 'App\\Controller\\Jury\\LanguageController',
  34 => 'App\\Controller\\Jury\\PrintController',
  35 => 'App\\Controller\\Jury\\ProblemController',
  36 => 'App\\Controller\\Jury\\RejudgingController',
  37 => 'App\\Controller\\Jury\\ScoreboardController',
  38 => 'App\\Controller\\Jury\\ShadowDifferencesController',
  39 => 'App\\Controller\\Jury\\SubmissionController',
  40 => 'App\\Controller\\Jury\\TeamAffiliationController',
  41 => 'App\\Controller\\Jury\\TeamCategoryController',
  42 => 'App\\Controller\\Jury\\TeamController',
  43 => 'App\\Controller\\Jury\\UserController',
  44 => 'App\\Controller\\PublicController',
  45 => 'App\\Controller\\RootController',
  46 => 'App\\Controller\\SecurityController',
  47 => 'App\\Controller\\Team\\ClarificationController',
  48 => 'App\\Controller\\Team\\MiscController',
  49 => 'App\\Controller\\Team\\ProblemController',
  50 => 'App\\Controller\\Team\\ScoreboardController',
  51 => 'App\\Controller\\Team\\SubmissionController',
  52 => 'App\\Entity\\AuditLog',
  53 => 'App\\Entity\\Balloon',
  54 => 'App\\Entity\\BaseApiEntity',
  55 => 'App\\Entity\\Clarification',
  56 => 'App\\Entity\\Configuration',
  57 => 'App\\Entity\\Contest',
  58 => 'App\\Entity\\ContestProblem',
  59 => 'App\\Entity\\Event',
  60 => 'App\\Entity\\Executable',
  61 => 'App\\Entity\\ExternalJudgement',
  62 => 'App\\Entity\\ExternalRelationshipEntityInterface',
  63 => 'App\\Entity\\ExternalRun',
  64 => 'App\\Entity\\InternalError',
  65 => 'App\\Entity\\Judgehost',
  66 => 'App\\Entity\\JudgehostRestriction',
  67 => 'App\\Entity\\Judging',
  68 => 'App\\Entity\\JudgingRun',
  69 => 'App\\Entity\\JudgingRunOutput',
  70 => 'App\\Entity\\Language',
  71 => 'App\\Entity\\Problem',
  72 => 'App\\Entity\\RankCache',
  73 => 'App\\Entity\\Rejudging',
  74 => 'App\\Entity\\RemovedInterval',
  75 => 'App\\Entity\\Role',
  76 => 'App\\Entity\\ScoreCache',
  77 => 'App\\Entity\\Submission',
  78 => 'App\\Entity\\SubmissionFile',
  79 => 'App\\Entity\\Team',
  80 => 'App\\Entity\\TeamAffiliation',
  81 => 'App\\Entity\\TeamCategory',
  82 => 'App\\Entity\\User',
  83 => 'Doctrine\\Bundle\\DoctrineBundle\\Controller\\ProfilerController',
  84 => 'Doctrine\\ORM\\Cache\\Persister\\Entity\\AbstractEntityPersister',
  85 => 'Doctrine\\ORM\\Cache\\Persister\\Entity\\CachedEntityPersister',
  86 => 'Doctrine\\ORM\\Cache\\Persister\\Entity\\NonStrictReadWriteCachedEntityPersister',
  87 => 'Doctrine\\ORM\\Cache\\Persister\\Entity\\ReadOnlyCachedEntityPersister',
  88 => 'Doctrine\\ORM\\Cache\\Persister\\Entity\\ReadWriteCachedEntityPersister',
  89 => 'Doctrine\\ORM\\Persisters\\Entity\\AbstractEntityInheritancePersister',
  90 => 'Doctrine\\ORM\\Persisters\\Entity\\BasicEntityPersister',
  91 => 'Doctrine\\ORM\\Persisters\\Entity\\CachedPersisterContext',
  92 => 'Doctrine\\ORM\\Persisters\\Entity\\EntityPersister',
  93 => 'Doctrine\\ORM\\Persisters\\Entity\\JoinedSubclassPersister',
  94 => 'Doctrine\\ORM\\Persisters\\Entity\\SingleTablePersister',
  95 => 'FOS\\RestBundle\\Controller\\AbstractFOSRestController',
  96 => 'FOS\\RestBundle\\Controller\\Annotations\\AbstractParam',
  97 => 'FOS\\RestBundle\\Controller\\Annotations\\AbstractScalarParam',
  98 => 'FOS\\RestBundle\\Controller\\Annotations\\Copy',
  99 => 'FOS\\RestBundle\\Controller\\Annotations\\Delete',
  100 => 'FOS\\RestBundle\\Controller\\Annotations\\FileParam',
  101 => 'FOS\\RestBundle\\Controller\\Annotations\\Get',
  102 => 'FOS\\RestBundle\\Controller\\Annotations\\Head',
  103 => 'FOS\\RestBundle\\Controller\\Annotations\\Link',
  104 => 'FOS\\RestBundle\\Controller\\Annotations\\Lock',
  105 => 'FOS\\RestBundle\\Controller\\Annotations\\Mkcol',
  106 => 'FOS\\RestBundle\\Controller\\Annotations\\Move',
  107 => 'FOS\\RestBundle\\Controller\\Annotations\\NamePrefix',
  108 => 'FOS\\RestBundle\\Controller\\Annotations\\NoRoute',
  109 => 'FOS\\RestBundle\\Controller\\Annotations\\Options',
  110 => 'FOS\\RestBundle\\Controller\\Annotations\\ParamInterface',
  111 => 'FOS\\RestBundle\\Controller\\Annotations\\Patch',
  112 => 'FOS\\RestBundle\\Controller\\Annotations\\Post',
  113 => 'FOS\\RestBundle\\Controller\\Annotations\\Prefix',
  114 => 'FOS\\RestBundle\\Controller\\Annotations\\PropFind',
  115 => 'FOS\\RestBundle\\Controller\\Annotations\\PropPatch',
  116 => 'FOS\\RestBundle\\Controller\\Annotations\\Put',
  117 => 'FOS\\RestBundle\\Controller\\Annotations\\QueryParam',
  118 => 'FOS\\RestBundle\\Controller\\Annotations\\RequestParam',
  119 => 'FOS\\RestBundle\\Controller\\Annotations\\Route',
  120 => 'FOS\\RestBundle\\Controller\\Annotations\\RouteResource',
  121 => 'FOS\\RestBundle\\Controller\\Annotations\\Unlink',
  122 => 'FOS\\RestBundle\\Controller\\Annotations\\Unlock',
  123 => 'FOS\\RestBundle\\Controller\\Annotations\\Version',
  124 => 'FOS\\RestBundle\\Controller\\Annotations\\View',
  125 => 'FOS\\RestBundle\\Controller\\ControllerTrait',
  126 => 'FOS\\RestBundle\\Controller\\ExceptionController',
  127 => 'FOS\\RestBundle\\Controller\\FOSRestController',
  128 => 'FOS\\RestBundle\\Controller\\TemplatingExceptionController',
  129 => 'FOS\\RestBundle\\Controller\\TwigExceptionController',
  130 => 'Nelmio\\ApiDocBundle\\Controller\\DocumentationController',
  131 => 'Nelmio\\ApiDocBundle\\Controller\\SwaggerUiController',
  133 => 'Symfony\\Bundle\\FrameworkBundle\\Controller\\Controller',
  134 => 'Symfony\\Bundle\\FrameworkBundle\\Controller\\ControllerNameParser',
  135 => 'Symfony\\Bundle\\FrameworkBundle\\Controller\\ControllerResolver',
  136 => 'Symfony\\Bundle\\FrameworkBundle\\Controller\\ControllerTrait',
  137 => 'Symfony\\Bundle\\FrameworkBundle\\Controller\\RedirectController',
  138 => 'Symfony\\Bundle\\FrameworkBundle\\Controller\\TemplateController',
  139 => 'Symfony\\Bundle\\TwigBundle\\Controller\\ExceptionController',
  140 => 'Symfony\\Bundle\\TwigBundle\\Controller\\PreviewErrorController',
  141 => 'Symfony\\Bundle\\WebProfilerBundle\\Controller\\ExceptionController',
  142 => 'Symfony\\Bundle\\WebProfilerBundle\\Controller\\ProfilerController',
  143 => 'Symfony\\Bundle\\WebProfilerBundle\\Controller\\RouterController',
  144 => 'Symfony\\Component\\HttpKernel\\Controller\\ArgumentResolver',
  145 => 'Symfony\\Component\\HttpKernel\\Controller\\ArgumentResolverInterface',
  146 => 'Symfony\\Component\\HttpKernel\\Controller\\ArgumentResolver\\DefaultValueResolver',
  147 => 'Symfony\\Component\\HttpKernel\\Controller\\ArgumentResolver\\NotTaggedControllerValueResolver',
  148 => 'Symfony\\Component\\HttpKernel\\Controller\\ArgumentResolver\\RequestAttributeValueResolver',
  149 => 'Symfony\\Component\\HttpKernel\\Controller\\ArgumentResolver\\RequestValueResolver',
  150 => 'Symfony\\Component\\HttpKernel\\Controller\\ArgumentResolver\\ServiceValueResolver',
  151 => 'Symfony\\Component\\HttpKernel\\Controller\\ArgumentResolver\\SessionValueResolver',
  152 => 'Symfony\\Component\\HttpKernel\\Controller\\ArgumentResolver\\TraceableValueResolver',
  153 => 'Symfony\\Component\\HttpKernel\\Controller\\ArgumentResolver\\VariadicValueResolver',
  154 => 'Symfony\\Component\\HttpKernel\\Controller\\ArgumentValueResolverInterface',
  155 => 'Symfony\\Component\\HttpKernel\\Controller\\ContainerControllerResolver',
  156 => 'Symfony\\Component\\HttpKernel\\Controller\\ControllerReference',
  157 => 'Symfony\\Component\\HttpKernel\\Controller\\ControllerResolver',
  158 => 'Symfony\\Component\\HttpKernel\\Controller\\ControllerResolverInterface',
  159 => 'Symfony\\Component\\HttpKernel\\Controller\\TraceableArgumentResolver',
  160 => 'Symfony\\Component\\HttpKernel\\Controller\\TraceableControllerResolver',
  161 => 'Symfony\\Component\\Security\\Http\\Controller\\UserValueResolver',
);