140.123.104.245 - - [25/Aug/2020:17:27:15 +0800] "GET /jury HTTP/1.1" 302 384 "-" "Mozilla/5.0 (X11; Linux x86_64) AppleWebKit/537.36 (KHTML, like Gecko) Chrome/77.0.3865.90 Safari/537.36"
140.123.104.245 - - [25/Aug/2020:17:27:15 +0800] "GET /login HTTP/1.1" 200 1188 "-" "Mozilla/5.0 (X11; Linux x86_64) AppleWebKit/537.36 (KHTML, like Gecko) Chrome/77.0.3865.90 Safari/537.36"
140.123.104.245 - - [25/Aug/2020:17:27:20 +0800] "POST /login HTTP/1.1" 302 380 "http://140.123.104.67:9191/login" "Mozilla/5.0 (X11; Linux x86_64) AppleWebKit/537.36 (KHTML, like Gecko) Chrome/77.0.3865.90 Safari/537.36"
140.123.104.245 - - [25/Aug/2020:17:27:20 +0800] "GET /jury HTTP/1.1" 200 3114 "http://140.123.104.67:9191/login" "Mozilla/5.0 (X11; Linux x86_64) AppleWebKit/537.36 (KHTML, like Gecko) Chrome/77.0.3865.90 Safari/537.36"
140.123.104.245 - - [25/Aug/2020:17:27:20 +0800] "GET /jury/updates HTTP/1.1" 200 84 "http://140.123.104.67:9191/jury" "Mozilla/5.0 (X11; Linux x86_64) AppleWebKit/537.36 (KHTML, like Gecko) Chrome/77.0.3865.90 Safari/537.36"
140.123.104.245 - - [25/Aug/2020:17:27:24 +0800] "GET /jury/users HTTP/1.1" 200 3245 "http://140.123.104.67:9191/jury" "Mozilla/5.0 (X11; Linux x86_64) AppleWebKit/537.36 (KHTML, like Gecko) Chrome/77.0.3865.90 Safari/537.36"
140.123.104.245 - - [25/Aug/2020:17:27:24 +0800] "GET /jury/updates HTTP/1.1" 200 84 "http://140.123.104.67:9191/jury/users" "Mozilla/5.0 (X11; Linux x86_64) AppleWebKit/537.36 (KHTML, like Gecko) Chrome/77.0.3865.90 Safari/537.36"
140.123.104.245 - - [25/Aug/2020:17:27:26 +0800] "GET /jury/users/1 HTTP/1.1" 200 2900 "http://140.123.104.67:9191/jury/users" "Mozilla/5.0 (X11; Linux x86_64) AppleWebKit/537.36 (KHTML, like Gecko) Chrome/77.0.3865.90 Safari/537.36"
140.123.104.245 - - [25/Aug/2020:17:27:26 +0800] "GET /jury/updates HTTP/1.1" 200 84 "http://140.123.104.67:9191/jury/users/1" "Mozilla/5.0 (X11; Linux x86_64) AppleWebKit/537.36 (KHTML, like Gecko) Chrome/77.0.3865.90 Safari/537.36"
140.123.104.245 - - [25/Aug/2020:17:27:27 +0800] "GET /jury/users/1/edit HTTP/1.1" 200 3418 "http://140.123.104.67:9191/jury/users/1" "Mozilla/5.0 (X11; Linux x86_64) AppleWebKit/537.36 (KHTML, like Gecko) Chrome/77.0.3865.90 Safari/537.36"
140.123.104.245 - - [25/Aug/2020:17:27:27 +0800] "GET /jury/updates HTTP/1.1" 200 84 "http://140.123.104.67:9191/jury/users/1/edit" "Mozilla/5.0 (X11; Linux x86_64) AppleWebKit/537.36 (KHTML, like Gecko) Chrome/77.0.3865.90 Safari/537.36"
140.123.104.245 - - [25/Aug/2020:17:27:33 +0800] "POST /jury/users/1/edit HTTP/1.1" 302 308 "http://140.123.104.67:9191/jury/users/1/edit" "Mozilla/5.0 (X11; Linux x86_64) AppleWebKit/537.36 (KHTML, like Gecko) Chrome/77.0.3865.90 Safari/537.36"
140.123.104.245 - - [25/Aug/2020:17:27:33 +0800] "GET /jury/users/1 HTTP/1.1" 200 2940 "http://140.123.104.67:9191/jury/users/1/edit" "Mozilla/5.0 (X11; Linux x86_64) AppleWebKit/537.36 (KHTML, like Gecko) Chrome/77.0.3865.90 Safari/537.36"
140.123.104.245 - - [25/Aug/2020:17:27:33 +0800] "GET /jury/updates HTTP/1.1" 200 84 "http://140.123.104.67:9191/jury/users/1" "Mozilla/5.0 (X11; Linux x86_64) AppleWebKit/537.36 (KHTML, like Gecko) Chrome/77.0.3865.90 Safari/537.36"
172.24.0.3 - judgehost [25/Aug/2020:17:27:33 +0800] "POST /api/v4/judgehosts HTTP/1.1" 200 12 "-" "DOMjudge/7.2.0"
172.24.0.3 - judgehost [25/Aug/2020:17:27:33 +0800] "GET /api/v4/config?name=diskspace_error HTTP/1.1" 200 38 "-" "DOMjudge/7.2.0"
172.24.0.3 - judgehost [25/Aug/2020:17:27:33 +0800] "POST /api/v4/judgehosts/next-judging/7ddb382522e9-0 HTTP/1.1" 200 12 "-" "DOMjudge/7.2.0"
140.123.104.245 - - [25/Aug/2020:17:27:35 +0800] "GET /jury HTTP/1.1" 200 3145 "http://140.123.104.67:9191/jury/users/1" "Mozilla/5.0 (X11; Linux x86_64) AppleWebKit/537.36 (KHTML, like Gecko) Chrome/77.0.3865.90 Safari/537.36"
140.123.104.245 - - [25/Aug/2020:17:27:35 +0800] "GET /jury/updates HTTP/1.1" 200 84 "http://140.123.104.67:9191/jury" "Mozilla/5.0 (X11; Linux x86_64) AppleWebKit/537.36 (KHTML, like Gecko) Chrome/77.0.3865.90 Safari/537.36"
140.123.104.245 - - [25/Aug/2020:17:27:37 +0800] "GET /jury/users HTTP/1.1" 200 3243 "http://140.123.104.67:9191/jury" "Mozilla/5.0 (X11; Linux x86_64) AppleWebKit/537.36 (KHTML, like Gecko) Chrome/77.0.3865.90 Safari/537.36"
140.123.104.245 - - [25/Aug/2020:17:27:37 +0800] "GET /jury/updates HTTP/1.1" 200 84 "http://140.123.104.67:9191/jury/users" "Mozilla/5.0 (X11; Linux x86_64) AppleWebKit/537.36 (KHTML, like Gecko) Chrome/77.0.3865.90 Safari/537.36"
140.123.104.245 - - [25/Aug/2020:17:27:38 +0800] "GET /jury/users/add HTTP/1.1" 200 3186 "http://140.123.104.67:9191/jury/users" "Mozilla/5.0 (X11; Linux x86_64) AppleWebKit/537.36 (KHTML, like Gecko) Chrome/77.0.3865.90 Safari/537.36"
140.123.104.245 - - [25/Aug/2020:17:27:38 +0800] "GET /jury/updates HTTP/1.1" 200 84 "http://140.123.104.67:9191/jury/users/add" "Mozilla/5.0 (X11; Linux x86_64) AppleWebKit/537.36 (KHTML, like Gecko) Chrome/77.0.3865.90 Safari/537.36"
172.24.0.3 - judgehost [25/Aug/2020:17:27:38 +0800] "POST /api/v4/judgehosts/next-judging/7ddb382522e9-0 HTTP/1.1" 200 12 "-" "DOMjudge/7.2.0"
172.24.0.3 - judgehost [25/Aug/2020:17:27:43 +0800] "POST /api/v4/judgehosts/next-judging/7ddb382522e9-0 HTTP/1.1" 200 12 "-" "DOMjudge/7.2.0"
172.24.0.3 - judgehost [25/Aug/2020:17:27:49 +0800] "POST /api/v4/judgehosts/next-judging/7ddb382522e9-0 HTTP/1.1" 200 12 "-" "DOMjudge/7.2.0"
172.24.0.3 - judgehost [25/Aug/2020:17:27:54 +0800] "POST /api/v4/judgehosts/next-judging/7ddb382522e9-0 HTTP/1.1" 200 12 "-" "DOMjudge/7.2.0"
140.123.104.245 - - [25/Aug/2020:17:27:58 +0800] "GET /jury/updates HTTP/1.1" 200 84 "http://140.123.104.67:9191/jury/users/add" "Mozilla/5.0 (X11; Linux x86_64) AppleWebKit/537.36 (KHTML, like Gecko) Chrome/77.0.3865.90 Safari/537.36"
172.24.0.3 - judgehost [25/Aug/2020:17:27:59 +0800] "POST /api/v4/judgehosts/next-judging/7ddb382522e9-0 HTTP/1.1" 200 12 "-" "DOMjudge/7.2.0"
140.123.104.245 - - [25/Aug/2020:17:28:03 +0800] "POST /jury/users/add HTTP/1.1" 302 308 "http://140.123.104.67:9191/jury/users/add" "Mozilla/5.0 (X11; Linux x86_64) AppleWebKit/537.36 (KHTML, like Gecko) Chrome/77.0.3865.90 Safari/537.36"
140.123.104.245 - - [25/Aug/2020:17:28:03 +0800] "GET /jury/users/3 HTTP/1.1" 200 2901 "http://140.123.104.67:9191/jury/users/add" "Mozilla/5.0 (X11; Linux x86_64) AppleWebKit/537.36 (KHTML, like Gecko) Chrome/77.0.3865.90 Safari/537.36"
140.123.104.245 - - [25/Aug/2020:17:28:03 +0800] "GET /jury/updates HTTP/1.1" 200 84 "http://140.123.104.67:9191/jury/users/3" "Mozilla/5.0 (X11; Linux x86_64) AppleWebKit/537.36 (KHTML, like Gecko) Chrome/77.0.3865.90 Safari/537.36"
172.24.0.3 - judgehost [25/Aug/2020:17:28:04 +0800] "POST /api/v4/judgehosts/next-judging/7ddb382522e9-0 HTTP/1.1" 200 12 "-" "DOMjudge/7.2.0"
140.123.104.245 - - [25/Aug/2020:17:28:05 +0800] "GET /team HTTP/1.1" 403 1779 "http://140.123.104.67:9191/jury/users/3" "Mozilla/5.0 (X11; Linux x86_64) AppleWebKit/537.36 (KHTML, like Gecko) Chrome/77.0.3865.90 Safari/537.36"
172.24.0.3 - judgehost [25/Aug/2020:17:28:09 +0800] "POST /api/v4/judgehosts/next-judging/7ddb382522e9-0 HTTP/1.1" 200 12 "-" "DOMjudge/7.2.0"
172.24.0.3 - judgehost [25/Aug/2020:17:28:14 +0800] "POST /api/v4/judgehosts/next-judging/7ddb382522e9-0 HTTP/1.1" 200 12 "-" "DOMjudge/7.2.0"
172.24.0.3 - judgehost [25/Aug/2020:17:28:20 +0800] "POST /api/v4/judgehosts/next-judging/7ddb382522e9-0 HTTP/1.1" 200 12 "-" "DOMjudge/7.2.0"
172.24.0.3 - judgehost [25/Aug/2020:17:28:25 +0800] "POST /api/v4/judgehosts/next-judging/7ddb382522e9-0 HTTP/1.1" 200 12 "-" "DOMjudge/7.2.0"
140.123.104.245 - - [25/Aug/2020:17:28:28 +0800] "GET /jury HTTP/1.1" 200 3142 "http://140.123.104.67:9191/team" "Mozilla/5.0 (X11; Linux x86_64) AppleWebKit/537.36 (KHTML, like Gecko) Chrome/77.0.3865.90 Safari/537.36"
140.123.104.245 - - [25/Aug/2020:17:28:28 +0800] "GET /jury/updates HTTP/1.1" 200 84 "http://140.123.104.67:9191/jury" "Mozilla/5.0 (X11; Linux x86_64) AppleWebKit/537.36 (KHTML, like Gecko) Chrome/77.0.3865.90 Safari/537.36"
172.24.0.3 - judgehost [25/Aug/2020:17:28:30 +0800] "POST /api/v4/judgehosts/next-judging/7ddb382522e9-0 HTTP/1.1" 200 12 "-" "DOMjudge/7.2.0"
140.123.104.245 - - [25/Aug/2020:17:28:31 +0800] "GET /jury/contests HTTP/1.1" 200 3969 "http://140.123.104.67:9191/jury" "Mozilla/5.0 (X11; Linux x86_64) AppleWebKit/537.36 (KHTML, like Gecko) Chrome/77.0.3865.90 Safari/537.36"
140.123.104.245 - - [25/Aug/2020:17:28:31 +0800] "GET /jury/updates HTTP/1.1" 200 84 "http://140.123.104.67:9191/jury/contests" "Mozilla/5.0 (X11; Linux x86_64) AppleWebKit/537.36 (KHTML, like Gecko) Chrome/77.0.3865.90 Safari/537.36"
172.24.0.3 - judgehost [25/Aug/2020:17:28:35 +0800] "POST /api/v4/judgehosts/next-judging/7ddb382522e9-0 HTTP/1.1" 200 12 "-" "DOMjudge/7.2.0"
172.24.0.3 - judgehost [25/Aug/2020:17:28:40 +0800] "POST /api/v4/judgehosts/next-judging/7ddb382522e9-0 HTTP/1.1" 200 12 "-" "DOMjudge/7.2.0"
140.123.104.245 - - [25/Aug/2020:17:28:42 +0800] "GET /jury HTTP/1.1" 200 3145 "http://140.123.104.67:9191/jury/contests" "Mozilla/5.0 (X11; Linux x86_64) AppleWebKit/537.36 (KHTML, like Gecko) Chrome/77.0.3865.90 Safari/537.36"
140.123.104.245 - - [25/Aug/2020:17:28:42 +0800] "GET /jury/updates HTTP/1.1" 200 84 "http://140.123.104.67:9191/jury" "Mozilla/5.0 (X11; Linux x86_64) AppleWebKit/537.36 (KHTML, like Gecko) Chrome/77.0.3865.90 Safari/537.36"
140.123.104.245 - - [25/Aug/2020:17:28:43 +0800] "GET /team HTTP/1.1" 403 1779 "http://140.123.104.67:9191/jury" "Mozilla/5.0 (X11; Linux x86_64) AppleWebKit/537.36 (KHTML, like Gecko) Chrome/77.0.3865.90 Safari/537.36"
140.123.104.245 - - [25/Aug/2020:17:28:45 +0800] "GET /team HTTP/1.1" 403 1781 "http://140.123.104.67:9191/team" "Mozilla/5.0 (X11; Linux x86_64) AppleWebKit/537.36 (KHTML, like Gecko) Chrome/77.0.3865.90 Safari/537.36"
172.24.0.3 - judgehost [25/Aug/2020:17:28:45 +0800] "POST /api/v4/judgehosts/next-judging/7ddb382522e9-0 HTTP/1.1" 200 12 "-" "DOMjudge/7.2.0"
140.123.104.245 - - [25/Aug/2020:17:28:46 +0800] "GET /public/problems HTTP/1.1" 200 2177 "http://140.123.104.67:9191/team" "Mozilla/5.0 (X11; Linux x86_64) AppleWebKit/537.36 (KHTML, like Gecko) Chrome/77.0.3865.90 Safari/537.36"
140.123.104.245 - - [25/Aug/2020:17:28:47 +0800] "GET /public HTTP/1.1" 200 3972 "http://140.123.104.67:9191/public/problems" "Mozilla/5.0 (X11; Linux x86_64) AppleWebKit/537.36 (KHTML, like Gecko) Chrome/77.0.3865.90 Safari/537.36"
172.24.0.3 - judgehost [25/Aug/2020:17:28:50 +0800] "POST /api/v4/judgehosts/next-judging/7ddb382522e9-0 HTTP/1.1" 200 12 "-" "DOMjudge/7.2.0"
140.123.104.245 - - [25/Aug/2020:17:28:50 +0800] "GET /public/problems HTTP/1.1" 200 2177 "http://140.123.104.67:9191/public" "Mozilla/5.0 (X11; Linux x86_64) AppleWebKit/537.36 (KHTML, like Gecko) Chrome/77.0.3865.90 Safari/537.36"
140.123.104.245 - - [25/Aug/2020:17:28:52 +0800] "GET /team HTTP/1.1" 403 1780 "http://140.123.104.67:9191/public/problems" "Mozilla/5.0 (X11; Linux x86_64) AppleWebKit/537.36 (KHTML, like Gecko) Chrome/77.0.3865.90 Safari/537.36"
140.123.104.245 - - [25/Aug/2020:17:28:53 +0800] "GET /jury HTTP/1.1" 200 3145 "http://140.123.104.67:9191/team" "Mozilla/5.0 (X11; Linux x86_64) AppleWebKit/537.36 (KHTML, like Gecko) Chrome/77.0.3865.90 Safari/537.36"
140.123.104.245 - - [25/Aug/2020:17:28:53 +0800] "GET /jury/updates HTTP/1.1" 200 84 "http://140.123.104.67:9191/jury" "Mozilla/5.0 (X11; Linux x86_64) AppleWebKit/537.36 (KHTML, like Gecko) Chrome/77.0.3865.90 Safari/537.36"
140.123.104.245 - - [25/Aug/2020:17:28:53 +0800] "GET /jury/submissions HTTP/1.1" 200 3941 "http://140.123.104.67:9191/jury" "Mozilla/5.0 (X11; Linux x86_64) AppleWebKit/537.36 (KHTML, like Gecko) Chrome/77.0.3865.90 Safari/537.36"
140.123.104.245 - - [25/Aug/2020:17:28:53 +0800] "GET /jury/updates HTTP/1.1" 200 84 "http://140.123.104.67:9191/jury/submissions" "Mozilla/5.0 (X11; Linux x86_64) AppleWebKit/537.36 (KHTML, like Gecko) Chrome/77.0.3865.90 Safari/537.36"
140.123.104.245 - - [25/Aug/2020:17:28:55 +0800] "GET /jury HTTP/1.1" 200 3145 "http://140.123.104.67:9191/jury/submissions" "Mozilla/5.0 (X11; Linux x86_64) AppleWebKit/537.36 (KHTML, like Gecko) Chrome/77.0.3865.90 Safari/537.36"
172.24.0.3 - judgehost [25/Aug/2020:17:28:55 +0800] "POST /api/v4/judgehosts/next-judging/7ddb382522e9-0 HTTP/1.1" 200 12 "-" "DOMjudge/7.2.0"
140.123.104.245 - - [25/Aug/2020:17:28:55 +0800] "GET /jury/updates HTTP/1.1" 200 84 "http://140.123.104.67:9191/jury" "Mozilla/5.0 (X11; Linux x86_64) AppleWebKit/537.36 (KHTML, like Gecko) Chrome/77.0.3865.90 Safari/537.36"
140.123.104.245 - - [25/Aug/2020:17:28:58 +0800] "GET /team HTTP/1.1" 403 1781 "http://140.123.104.67:9191/jury" "Mozilla/5.0 (X11; Linux x86_64) AppleWebKit/537.36 (KHTML, like Gecko) Chrome/77.0.3865.90 Safari/537.36"
172.24.0.3 - judgehost [25/Aug/2020:17:29:00 +0800] "POST /api/v4/judgehosts/next-judging/7ddb382522e9-0 HTTP/1.1" 200 12 "-" "DOMjudge/7.2.0"
140.123.104.245 - - [25/Aug/2020:17:29:04 +0800] "GET /public/problems HTTP/1.1" 200 2177 "http://140.123.104.67:9191/team" "Mozilla/5.0 (X11; Linux x86_64) AppleWebKit/537.36 (KHTML, like Gecko) Chrome/77.0.3865.90 Safari/537.36"
140.123.104.245 - - [25/Aug/2020:17:29:05 +0800] "GET /public HTTP/1.1" 200 3970 "http://140.123.104.67:9191/public/problems" "Mozilla/5.0 (X11; Linux x86_64) AppleWebKit/537.36 (KHTML, like Gecko) Chrome/77.0.3865.90 Safari/537.36"
172.24.0.3 - judgehost [25/Aug/2020:17:29:06 +0800] "POST /api/v4/judgehosts/next-judging/7ddb382522e9-0 HTTP/1.1" 200 12 "-" "DOMjudge/7.2.0"
140.123.104.245 - - [25/Aug/2020:17:29:06 +0800] "GET /logout HTTP/1.1" 302 388 "http://140.123.104.67:9191/public" "Mozilla/5.0 (X11; Linux x86_64) AppleWebKit/537.36 (KHTML, like Gecko) Chrome/77.0.3865.90 Safari/537.36"
140.123.104.245 - - [25/Aug/2020:17:29:06 +0800] "GET /public HTTP/1.1" 200 3895 "http://140.123.104.67:9191/public" "Mozilla/5.0 (X11; Linux x86_64) AppleWebKit/537.36 (KHTML, like Gecko) Chrome/77.0.3865.90 Safari/537.36"
140.123.104.245 - - [25/Aug/2020:17:29:07 +0800] "GET /login HTTP/1.1" 200 1187 "http://140.123.104.67:9191/public" "Mozilla/5.0 (X11; Linux x86_64) AppleWebKit/537.36 (KHTML, like Gecko) Chrome/77.0.3865.90 Safari/537.36"
172.24.0.3 - judgehost [25/Aug/2020:17:29:11 +0800] "POST /api/v4/judgehosts/next-judging/7ddb382522e9-0 HTTP/1.1" 200 12 "-" "DOMjudge/7.2.0"
172.24.0.3 - judgehost [25/Aug/2020:17:29:16 +0800] "POST /api/v4/judgehosts/next-judging/7ddb382522e9-0 HTTP/1.1" 200 12 "-" "DOMjudge/7.2.0"
140.123.104.245 - - [25/Aug/2020:17:29:19 +0800] "POST /login HTTP/1.1" 302 364 "http://140.123.104.67:9191/login" "Mozilla/5.0 (X11; Linux x86_64) AppleWebKit/537.36 (KHTML, like Gecko) Chrome/77.0.3865.90 Safari/537.36"
140.123.104.245 - - [25/Aug/2020:17:29:19 +0800] "GET / HTTP/1.1" 302 276 "http://140.123.104.67:9191/login" "Mozilla/5.0 (X11; Linux x86_64) AppleWebKit/537.36 (KHTML, like Gecko) Chrome/77.0.3865.90 Safari/537.36"
140.123.104.245 - - [25/Aug/2020:17:29:19 +0800] "GET /team HTTP/1.1" 200 4950 "http://140.123.104.67:9191/login" "Mozilla/5.0 (X11; Linux x86_64) AppleWebKit/537.36 (KHTML, like Gecko) Chrome/77.0.3865.90 Safari/537.36"
140.123.104.245 - - [25/Aug/2020:17:29:21 +0800] "GET /team/scoreboard HTTP/1.1" 200 5695 "http://140.123.104.67:9191/team" "Mozilla/5.0 (X11; Linux x86_64) AppleWebKit/537.36 (KHTML, like Gecko) Chrome/77.0.3865.90 Safari/537.36"
172.24.0.3 - judgehost [25/Aug/2020:17:29:21 +0800] "POST /api/v4/judgehosts/next-judging/7ddb382522e9-0 HTTP/1.1" 200 12 "-" "DOMjudge/7.2.0"
140.123.104.245 - - [25/Aug/2020:17:29:22 +0800] "GET /team HTTP/1.1" 200 4951 "http://140.123.104.67:9191/team/scoreboard" "Mozilla/5.0 (X11; Linux x86_64) AppleWebKit/537.36 (KHTML, like Gecko) Chrome/77.0.3865.90 Safari/537.36"
140.123.104.245 - - [25/Aug/2020:17:29:22 +0800] "GET /team HTTP/1.1" 200 4951 "http://140.123.104.67:9191/team" "Mozilla/5.0 (X11; Linux x86_64) AppleWebKit/537.36 (KHTML, like Gecko) Chrome/77.0.3865.90 Safari/537.36"
172.24.0.3 - judgehost [25/Aug/2020:17:29:26 +0800] "POST /api/v4/judgehosts/next-judging/7ddb382522e9-0 HTTP/1.1" 200 12 "-" "DOMjudge/7.2.0"
140.123.104.245 - - [25/Aug/2020:17:29:27 +0800] "GET /logout HTTP/1.1" 302 388 "http://140.123.104.67:9191/team" "Mozilla/5.0 (X11; Linux x86_64) AppleWebKit/537.36 (KHTML, like Gecko) Chrome/77.0.3865.90 Safari/537.36"
140.123.104.245 - - [25/Aug/2020:17:29:27 +0800] "GET /public HTTP/1.1" 200 3895 "http://140.123.104.67:9191/team" "Mozilla/5.0 (X11; Linux x86_64) AppleWebKit/537.36 (KHTML, like Gecko) Chrome/77.0.3865.90 Safari/537.36"
140.123.104.245 - - [25/Aug/2020:17:29:28 +0800] "GET /login HTTP/1.1" 200 1190 "http://140.123.104.67:9191/public" "Mozilla/5.0 (X11; Linux x86_64) AppleWebKit/537.36 (KHTML, like Gecko) Chrome/77.0.3865.90 Safari/537.36"
172.24.0.3 - judgehost [25/Aug/2020:17:29:31 +0800] "POST /api/v4/judgehosts/next-judging/7ddb382522e9-0 HTTP/1.1" 200 12 "-" "DOMjudge/7.2.0"
140.123.104.245 - - [25/Aug/2020:17:29:32 +0800] "POST /login HTTP/1.1" 302 364 "http://140.123.104.67:9191/login" "Mozilla/5.0 (X11; Linux x86_64) AppleWebKit/537.36 (KHTML, like Gecko) Chrome/77.0.3865.90 Safari/537.36"
140.123.104.245 - - [25/Aug/2020:17:29:32 +0800] "GET / HTTP/1.1" 302 276 "http://140.123.104.67:9191/login" "Mozilla/5.0 (X11; Linux x86_64) AppleWebKit/537.36 (KHTML, like Gecko) Chrome/77.0.3865.90 Safari/537.36"
140.123.104.245 - - [25/Aug/2020:17:29:32 +0800] "GET /jury HTTP/1.1" 200 3145 "http://140.123.104.67:9191/login" "Mozilla/5.0 (X11; Linux x86_64) AppleWebKit/537.36 (KHTML, like Gecko) Chrome/77.0.3865.90 Safari/537.36"
140.123.104.245 - - [25/Aug/2020:17:29:32 +0800] "GET /jury/updates HTTP/1.1" 200 84 "http://140.123.104.67:9191/jury" "Mozilla/5.0 (X11; Linux x86_64) AppleWebKit/537.36 (KHTML, like Gecko) Chrome/77.0.3865.90 Safari/537.36"
172.24.0.3 - judgehost [25/Aug/2020:17:29:36 +0800] "POST /api/v4/judgehosts/next-judging/7ddb382522e9-0 HTTP/1.1" 200 12 "-" "DOMjudge/7.2.0"
140.123.104.245 - - [25/Aug/2020:17:29:38 +0800] "GET /jury/users HTTP/1.1" 200 3325 "http://140.123.104.67:9191/jury" "Mozilla/5.0 (X11; Linux x86_64) AppleWebKit/537.36 (KHTML, like Gecko) Chrome/77.0.3865.90 Safari/537.36"
140.123.104.245 - - [25/Aug/2020:17:29:39 +0800] "GET /jury/updates HTTP/1.1" 200 84 "http://140.123.104.67:9191/jury/users" "Mozilla/5.0 (X11; Linux x86_64) AppleWebKit/537.36 (KHTML, like Gecko) Chrome/77.0.3865.90 Safari/537.36"
172.24.0.3 - judgehost [25/Aug/2020:17:29:41 +0800] "POST /api/v4/judgehosts/next-judging/7ddb382522e9-0 HTTP/1.1" 200 12 "-" "DOMjudge/7.2.0"
140.123.104.245 - - [25/Aug/2020:17:29:43 +0800] "GET /jury/users/1 HTTP/1.1" 200 2943 "http://140.123.104.67:9191/jury/users" "Mozilla/5.0 (X11; Linux x86_64) AppleWebKit/537.36 (KHTML, like Gecko) Chrome/77.0.3865.90 Safari/537.36"
140.123.104.245 - - [25/Aug/2020:17:29:43 +0800] "GET /jury/updates HTTP/1.1" 200 84 "http://140.123.104.67:9191/jury/users/1" "Mozilla/5.0 (X11; Linux x86_64) AppleWebKit/537.36 (KHTML, like Gecko) Chrome/77.0.3865.90 Safari/537.36"
140.123.104.245 - - [25/Aug/2020:17:29:45 +0800] "GET /jury/users/1/edit HTTP/1.1" 200 3450 "http://140.123.104.67:9191/jury/users/1" "Mozilla/5.0 (X11; Linux x86_64) AppleWebKit/537.36 (KHTML, like Gecko) Chrome/77.0.3865.90 Safari/537.36"
140.123.104.245 - - [25/Aug/2020:17:29:45 +0800] "GET /jury/updates HTTP/1.1" 200 84 "http://140.123.104.67:9191/jury/users/1/edit" "Mozilla/5.0 (X11; Linux x86_64) AppleWebKit/537.36 (KHTML, like Gecko) Chrome/77.0.3865.90 Safari/537.36"
172.24.0.3 - judgehost [25/Aug/2020:17:29:46 +0800] "POST /api/v4/judgehosts/next-judging/7ddb382522e9-0 HTTP/1.1" 200 12 "-" "DOMjudge/7.2.0"
140.123.104.245 - - [25/Aug/2020:17:29:49 +0800] "POST /jury/users/1/edit HTTP/1.1" 302 308 "http://140.123.104.67:9191/jury/users/1/edit" "Mozilla/5.0 (X11; Linux x86_64) AppleWebKit/537.36 (KHTML, like Gecko) Chrome/77.0.3865.90 Safari/537.36"
140.123.104.245 - - [25/Aug/2020:17:29:49 +0800] "GET /jury/users/1 HTTP/1.1" 200 2991 "http://140.123.104.67:9191/jury/users/1/edit" "Mozilla/5.0 (X11; Linux x86_64) AppleWebKit/537.36 (KHTML, like Gecko) Chrome/77.0.3865.90 Safari/537.36"
140.123.104.245 - - [25/Aug/2020:17:29:49 +0800] "GET /jury/updates HTTP/1.1" 200 84 "http://140.123.104.67:9191/jury/users/1" "Mozilla/5.0 (X11; Linux x86_64) AppleWebKit/537.36 (KHTML, like Gecko) Chrome/77.0.3865.90 Safari/537.36"
172.24.0.3 - judgehost [25/Aug/2020:17:29:52 +0800] "POST /api/v4/judgehosts/next-judging/7ddb382522e9-0 HTTP/1.1" 200 12 "-" "DOMjudge/7.2.0"
140.123.104.245 - - [25/Aug/2020:17:29:52 +0800] "GET /team HTTP/1.1" 200 4983 "http://140.123.104.67:9191/jury/users/1" "Mozilla/5.0 (X11; Linux x86_64) AppleWebKit/537.36 (KHTML, like Gecko) Chrome/77.0.3865.90 Safari/537.36"
140.123.104.245 - - [25/Aug/2020:17:29:55 +0800] "GET /team/submit HTTP/1.1" 200 888 "http://140.123.104.67:9191/team" "Mozilla/5.0 (X11; Linux x86_64) AppleWebKit/537.36 (KHTML, like Gecko) Chrome/77.0.3865.90 Safari/537.36"
172.24.0.3 - judgehost [25/Aug/2020:17:29:57 +0800] "POST /api/v4/judgehosts/next-judging/7ddb382522e9-0 HTTP/1.1" 200 12 "-" "DOMjudge/7.2.0"
172.24.0.3 - judgehost [25/Aug/2020:17:30:02 +0800] "POST /api/v4/judgehosts/next-judging/7ddb382522e9-0 HTTP/1.1" 200 12 "-" "DOMjudge/7.2.0"
140.123.104.245 - - [25/Aug/2020:17:30:02 +0800] "POST /team/submit HTTP/1.1" 302 276 "http://140.123.104.67:9191/team" "Mozilla/5.0 (X11; Linux x86_64) AppleWebKit/537.36 (KHTML, like Gecko) Chrome/77.0.3865.90 Safari/537.36"
140.123.104.245 - - [25/Aug/2020:17:30:02 +0800] "GET /team HTTP/1.1" 200 5452 "http://140.123.104.67:9191/team" "Mozilla/5.0 (X11; Linux x86_64) AppleWebKit/537.36 (KHTML, like Gecko) Chrome/77.0.3865.90 Safari/537.36"
140.123.104.245 - - [25/Aug/2020:17:30:05 +0800] "GET /team HTTP/1.1" 200 5319 "http://140.123.104.67:9191/team" "Mozilla/5.0 (X11; Linux x86_64) AppleWebKit/537.36 (KHTML, like Gecko) Chrome/77.0.3865.90 Safari/537.36"
140.123.104.245 - - [25/Aug/2020:17:30:05 +0800] "GET /favicon.ico?v=7.2.0 HTTP/1.1" 200 3638 "http://140.123.104.67:9191/team" "Mozilla/5.0 (X11; Linux x86_64) AppleWebKit/537.36 (KHTML, like Gecko) Chrome/77.0.3865.90 Safari/537.36"
140.123.104.245 - - [25/Aug/2020:17:30:05 +0800] "GET /team HTTP/1.1" 200 5319 "http://140.123.104.67:9191/team" "Mozilla/5.0 (X11; Linux x86_64) AppleWebKit/537.36 (KHTML, like Gecko) Chrome/77.0.3865.90 Safari/537.36"
140.123.104.245 - - [25/Aug/2020:17:30:05 +0800] "GET /favicon.ico?v=7.2.0 HTTP/1.1" 200 3638 "http://140.123.104.67:9191/team" "Mozilla/5.0 (X11; Linux x86_64) AppleWebKit/537.36 (KHTML, like Gecko) Chrome/77.0.3865.90 Safari/537.36"
140.123.104.245 - - [25/Aug/2020:17:30:06 +0800] "GET /team HTTP/1.1" 200 5318 "http://140.123.104.67:9191/team" "Mozilla/5.0 (X11; Linux x86_64) AppleWebKit/537.36 (KHTML, like Gecko) Chrome/77.0.3865.90 Safari/537.36"
140.123.104.245 - - [25/Aug/2020:17:30:06 +0800] "GET /favicon.ico?v=7.2.0 HTTP/1.1" 200 3638 "http://140.123.104.67:9191/team" "Mozilla/5.0 (X11; Linux x86_64) AppleWebKit/537.36 (KHTML, like Gecko) Chrome/77.0.3865.90 Safari/537.36"
140.123.104.245 - - [25/Aug/2020:17:30:06 +0800] "GET /team HTTP/1.1" 200 5318 "http://140.123.104.67:9191/team" "Mozilla/5.0 (X11; Linux x86_64) AppleWebKit/537.36 (KHTML, like Gecko) Chrome/77.0.3865.90 Safari/537.36"
140.123.104.245 - - [25/Aug/2020:17:30:06 +0800] "GET /favicon.ico?v=7.2.0 HTTP/1.1" 200 3638 "http://140.123.104.67:9191/team" "Mozilla/5.0 (X11; Linux x86_64) AppleWebKit/537.36 (KHTML, like Gecko) Chrome/77.0.3865.90 Safari/537.36"
140.123.104.245 - - [25/Aug/2020:17:30:06 +0800] "GET /team HTTP/1.1" 200 5318 "http://140.123.104.67:9191/team" "Mozilla/5.0 (X11; Linux x86_64) AppleWebKit/537.36 (KHTML, like Gecko) Chrome/77.0.3865.90 Safari/537.36"
140.123.104.245 - - [25/Aug/2020:17:30:06 +0800] "GET /favicon.ico?v=7.2.0 HTTP/1.1" 200 3638 "http://140.123.104.67:9191/team" "Mozilla/5.0 (X11; Linux x86_64) AppleWebKit/537.36 (KHTML, like Gecko) Chrome/77.0.3865.90 Safari/537.36"
140.123.104.245 - - [25/Aug/2020:17:30:06 +0800] "GET /team HTTP/1.1" 200 5318 "http://140.123.104.67:9191/team" "Mozilla/5.0 (X11; Linux x86_64) AppleWebKit/537.36 (KHTML, like Gecko) Chrome/77.0.3865.90 Safari/537.36"
140.123.104.245 - - [25/Aug/2020:17:30:06 +0800] "GET /favicon.ico?v=7.2.0 HTTP/1.1" 200 3638 "http://140.123.104.67:9191/team" "Mozilla/5.0 (X11; Linux x86_64) AppleWebKit/537.36 (KHTML, like Gecko) Chrome/77.0.3865.90 Safari/537.36"
140.123.104.245 - - [25/Aug/2020:17:30:06 +0800] "GET /team HTTP/1.1" 200 5318 "http://140.123.104.67:9191/team" "Mozilla/5.0 (X11; Linux x86_64) AppleWebKit/537.36 (KHTML, like Gecko) Chrome/77.0.3865.90 Safari/537.36"
140.123.104.245 - - [25/Aug/2020:17:30:06 +0800] "GET /favicon.ico?v=7.2.0 HTTP/1.1" 200 3638 "http://140.123.104.67:9191/team" "Mozilla/5.0 (X11; Linux x86_64) AppleWebKit/537.36 (KHTML, like Gecko) Chrome/77.0.3865.90 Safari/537.36"
140.123.104.245 - - [25/Aug/2020:17:30:07 +0800] "GET /team HTTP/1.1" 200 5319 "http://140.123.104.67:9191/team" "Mozilla/5.0 (X11; Linux x86_64) AppleWebKit/537.36 (KHTML, like Gecko) Chrome/77.0.3865.90 Safari/537.36"
140.123.104.245 - - [25/Aug/2020:17:30:07 +0800] "GET /favicon.ico?v=7.2.0 HTTP/1.1" 200 3638 "http://140.123.104.67:9191/team" "Mozilla/5.0 (X11; Linux x86_64) AppleWebKit/537.36 (KHTML, like Gecko) Chrome/77.0.3865.90 Safari/537.36"
140.123.104.245 - - [25/Aug/2020:17:30:07 +0800] "GET /team HTTP/1.1" 200 5319 "http://140.123.104.67:9191/team" "Mozilla/5.0 (X11; Linux x86_64) AppleWebKit/537.36 (KHTML, like Gecko) Chrome/77.0.3865.90 Safari/537.36"
172.24.0.3 - judgehost [25/Aug/2020:17:30:07 +0800] "POST /api/v4/judgehosts/next-judging/7ddb382522e9-0 HTTP/1.1" 200 682 "-" "DOMjudge/7.2.0"
140.123.104.245 - - [25/Aug/2020:17:30:07 +0800] "GET /favicon.ico?v=7.2.0 HTTP/1.1" 200 3638 "http://140.123.104.67:9191/team" "Mozilla/5.0 (X11; Linux x86_64) AppleWebKit/537.36 (KHTML, like Gecko) Chrome/77.0.3865.90 Safari/537.36"
172.24.0.3 - judgehost [25/Aug/2020:17:30:07 +0800] "GET /api/v4/config?name=script_timelimit HTTP/1.1" 200 34 "-" "DOMjudge/7.2.0"
140.123.104.245 - - [25/Aug/2020:17:30:07 +0800] "GET /team HTTP/1.1" 200 5319 "http://140.123.104.67:9191/team" "Mozilla/5.0 (X11; Linux x86_64) AppleWebKit/537.36 (KHTML, like Gecko) Chrome/77.0.3865.90 Safari/537.36"
172.24.0.3 - judgehost [25/Aug/2020:17:30:07 +0800] "GET /api/v4/config?name=script_memory_limit HTTP/1.1" 200 42 "-" "DOMjudge/7.2.0"
140.123.104.245 - - [25/Aug/2020:17:30:07 +0800] "GET /favicon.ico?v=7.2.0 HTTP/1.1" 200 3638 "http://140.123.104.67:9191/team" "Mozilla/5.0 (X11; Linux x86_64) AppleWebKit/537.36 (KHTML, like Gecko) Chrome/77.0.3865.90 Safari/537.36"
172.24.0.3 - judgehost [25/Aug/2020:17:30:07 +0800] "GET /api/v4/config?name=script_filesize_limit HTTP/1.1" 200 43 "-" "DOMjudge/7.2.0"
140.123.104.245 - - [25/Aug/2020:17:30:07 +0800] "GET /team HTTP/1.1" 200 5319 "http://140.123.104.67:9191/team" "Mozilla/5.0 (X11; Linux x86_64) AppleWebKit/537.36 (KHTML, like Gecko) Chrome/77.0.3865.90 Safari/537.36"
172.24.0.3 - judgehost [25/Aug/2020:17:30:07 +0800] "GET /api/v4/config?name=process_limit HTTP/1.1" 200 31 "-" "DOMjudge/7.2.0"
140.123.104.245 - - [25/Aug/2020:17:30:07 +0800] "GET /favicon.ico?v=7.2.0 HTTP/1.1" 200 3638 "http://140.123.104.67:9191/team" "Mozilla/5.0 (X11; Linux x86_64) AppleWebKit/537.36 (KHTML, like Gecko) Chrome/77.0.3865.90 Safari/537.36"
140.123.104.245 - - [25/Aug/2020:17:30:07 +0800] "GET /team HTTP/1.1" 200 5319 "http://140.123.104.67:9191/team" "Mozilla/5.0 (X11; Linux x86_64) AppleWebKit/537.36 (KHTML, like Gecko) Chrome/77.0.3865.90 Safari/537.36"
172.24.0.3 - judgehost [25/Aug/2020:17:30:07 +0800] "GET /api/v4/config?name=output_storage_limit HTTP/1.1" 200 41 "-" "DOMjudge/7.2.0"
140.123.104.245 - - [25/Aug/2020:17:30:07 +0800] "GET /favicon.ico?v=7.2.0 HTTP/1.1" 200 3638 "http://140.123.104.67:9191/team" "Mozilla/5.0 (X11; Linux x86_64) AppleWebKit/537.36 (KHTML, like Gecko) Chrome/77.0.3865.90 Safari/537.36"
172.24.0.3 - judgehost [25/Aug/2020:17:30:07 +0800] "GET /api/v4/contests/2/submissions/1/source-code? HTTP/1.1" 200 234 "-" "DOMjudge/7.2.0"
172.24.0.3 - judgehost [25/Aug/2020:17:30:07 +0800] "GET /api/v4/executables/cpp? HTTP/1.1" 200 982 "-" "DOMjudge/7.2.0"
140.123.104.245 - - [25/Aug/2020:17:30:08 +0800] "GET /team HTTP/1.1" 200 5319 "http://140.123.104.67:9191/team" "Mozilla/5.0 (X11; Linux x86_64) AppleWebKit/537.36 (KHTML, like Gecko) Chrome/77.0.3865.90 Safari/537.36"
140.123.104.245 - - [25/Aug/2020:17:30:08 +0800] "GET /favicon.ico?v=7.2.0 HTTP/1.1" 200 3638 "http://140.123.104.67:9191/team" "Mozilla/5.0 (X11; Linux x86_64) AppleWebKit/537.36 (KHTML, like Gecko) Chrome/77.0.3865.90 Safari/537.36"
140.123.104.245 - - [25/Aug/2020:17:30:08 +0800] "GET /team HTTP/1.1" 200 5319 "http://140.123.104.67:9191/team" "Mozilla/5.0 (X11; Linux x86_64) AppleWebKit/537.36 (KHTML, like Gecko) Chrome/77.0.3865.90 Safari/537.36"
140.123.104.245 - - [25/Aug/2020:17:30:08 +0800] "GET /favicon.ico?v=7.2.0 HTTP/1.1" 200 3638 "http://140.123.104.67:9191/team" "Mozilla/5.0 (X11; Linux x86_64) AppleWebKit/537.36 (KHTML, like Gecko) Chrome/77.0.3865.90 Safari/537.36"
140.123.104.245 - - [25/Aug/2020:17:30:08 +0800] "GET /team HTTP/1.1" 200 5319 "http://140.123.104.67:9191/team" "Mozilla/5.0 (X11; Linux x86_64) AppleWebKit/537.36 (KHTML, like Gecko) Chrome/77.0.3865.90 Safari/537.36"
172.24.0.3 - judgehost [25/Aug/2020:17:30:08 +0800] "PUT /api/v4/judgehosts/update-judging/7ddb382522e9-0/1 HTTP/1.1" 204 0 "-" "DOMjudge/7.2.0"
140.123.104.245 - - [25/Aug/2020:17:30:08 +0800] "GET /favicon.ico?v=7.2.0 HTTP/1.1" 200 3638 "http://140.123.104.67:9191/team" "Mozilla/5.0 (X11; Linux x86_64) AppleWebKit/537.36 (KHTML, like Gecko) Chrome/77.0.3865.90 Safari/537.36"
172.24.0.3 - judgehost [25/Aug/2020:17:30:08 +0800] "GET /api/v4/config?name=timelimit_overshoot HTTP/1.1" 200 43 "-" "DOMjudge/7.2.0"
172.24.0.3 - judgehost [25/Aug/2020:17:30:08 +0800] "GET /api/v4/config?name=update_judging_seconds HTTP/1.1" 200 39 "-" "DOMjudge/7.2.0"
140.123.104.245 - - [25/Aug/2020:17:30:08 +0800] "GET /team HTTP/1.1" 200 5319 "http://140.123.104.67:9191/team" "Mozilla/5.0 (X11; Linux x86_64) AppleWebKit/537.36 (KHTML, like Gecko) Chrome/77.0.3865.90 Safari/537.36"
140.123.104.245 - - [25/Aug/2020:17:30:08 +0800] "GET /favicon.ico?v=7.2.0 HTTP/1.1" 200 3638 "http://140.123.104.67:9191/team" "Mozilla/5.0 (X11; Linux x86_64) AppleWebKit/537.36 (KHTML, like Gecko) Chrome/77.0.3865.90 Safari/537.36"
172.24.0.3 - judgehost [25/Aug/2020:17:30:08 +0800] "GET /api/v4/testcases/1/file/input? HTTP/1.1" 200 16 "-" "DOMjudge/7.2.0"
172.24.0.3 - judgehost [25/Aug/2020:17:30:08 +0800] "GET /api/v4/testcases/1/file/output? HTTP/1.1" 200 33 "-" "DOMjudge/7.2.0"
172.24.0.3 - judgehost [25/Aug/2020:17:30:08 +0800] "GET /api/v4/executables/run? HTTP/1.1" 200 838 "-" "DOMjudge/7.2.0"
172.24.0.3 - judgehost [25/Aug/2020:17:30:08 +0800] "GET /api/v4/executables/compare? HTTP/1.1" 200 3278 "-" "DOMjudge/7.2.0"
140.123.104.245 - - [25/Aug/2020:17:30:09 +0800] "GET /team HTTP/1.1" 200 5331 "http://140.123.104.67:9191/team" "Mozilla/5.0 (X11; Linux x86_64) AppleWebKit/537.36 (KHTML, like Gecko) Chrome/77.0.3865.90 Safari/537.36"
172.24.0.3 - judgehost [25/Aug/2020:17:30:10 +0800] "POST /api/v4/judgehosts/add-judging-run/7ddb382522e9-0/1 HTTP/1.1" 204 0 "-" "DOMjudge/7.2.0"
140.123.104.245 - - [25/Aug/2020:17:30:10 +0800] "GET /favicon.ico?v=7.2.0 HTTP/1.1" 200 3638 "http://140.123.104.67:9191/team" "Mozilla/5.0 (X11; Linux x86_64) AppleWebKit/537.36 (KHTML, like Gecko) Chrome/77.0.3865.90 Safari/537.36"
172.24.0.3 - judgehost [25/Aug/2020:17:30:10 +0800] "GET /api/v4/config?name=diskspace_error HTTP/1.1" 200 38 "-" "DOMjudge/7.2.0"
172.24.0.3 - judgehost [25/Aug/2020:17:30:10 +0800] "POST /api/v4/judgehosts/next-judging/7ddb382522e9-0 HTTP/1.1" 200 12 "-" "DOMjudge/7.2.0"
140.123.104.245 - - [25/Aug/2020:17:30:10 +0800] "GET /team HTTP/1.1" 200 5331 "http://140.123.104.67:9191/team" "Mozilla/5.0 (X11; Linux x86_64) AppleWebKit/537.36 (KHTML, like Gecko) Chrome/77.0.3865.90 Safari/537.36"
140.123.104.245 - - [25/Aug/2020:17:30:10 +0800] "GET /favicon.ico?v=7.2.0 HTTP/1.1" 200 3638 "http://140.123.104.67:9191/team" "Mozilla/5.0 (X11; Linux x86_64) AppleWebKit/537.36 (KHTML, like Gecko) Chrome/77.0.3865.90 Safari/537.36"
140.123.104.245 - - [25/Aug/2020:17:30:14 +0800] "GET /team HTTP/1.1" 200 5331 "http://140.123.104.67:9191/team" "Mozilla/5.0 (X11; Linux x86_64) AppleWebKit/537.36 (KHTML, like Gecko) Chrome/77.0.3865.90 Safari/537.36"
140.123.104.245 - - [25/Aug/2020:17:30:14 +0800] "GET /favicon.ico?v=7.2.0 HTTP/1.1" 200 3638 "http://140.123.104.67:9191/team" "Mozilla/5.0 (X11; Linux x86_64) AppleWebKit/537.36 (KHTML, like Gecko) Chrome/77.0.3865.90 Safari/537.36"
172.24.0.3 - judgehost [25/Aug/2020:17:30:15 +0800] "POST /api/v4/judgehosts/next-judging/7ddb382522e9-0 HTTP/1.1" 200 12 "-" "DOMjudge/7.2.0"
172.24.0.3 - judgehost [25/Aug/2020:17:30:20 +0800] "POST /api/v4/judgehosts/next-judging/7ddb382522e9-0 HTTP/1.1" 200 12 "-" "DOMjudge/7.2.0"
172.24.0.3 - judgehost [25/Aug/2020:17:30:25 +0800] "POST /api/v4/judgehosts/next-judging/7ddb382522e9-0 HTTP/1.1" 200 12 "-" "DOMjudge/7.2.0"
172.24.0.3 - judgehost [25/Aug/2020:17:30:30 +0800] "POST /api/v4/judgehosts/next-judging/7ddb382522e9-0 HTTP/1.1" 200 12 "-" "DOMjudge/7.2.0"
172.24.0.3 - judgehost [25/Aug/2020:17:30:35 +0800] "POST /api/v4/judgehosts/next-judging/7ddb382522e9-0 HTTP/1.1" 200 12 "-" "DOMjudge/7.2.0"
172.24.0.3 - judgehost [25/Aug/2020:17:30:40 +0800] "POST /api/v4/judgehosts/next-judging/7ddb382522e9-0 HTTP/1.1" 200 12 "-" "DOMjudge/7.2.0"
140.123.104.245 - - [25/Aug/2020:17:30:44 +0800] "GET /team HTTP/1.1" 200 1664 "http://140.123.104.67:9191/team" "Mozilla/5.0 (X11; Linux x86_64) AppleWebKit/537.36 (KHTML, like Gecko) Chrome/77.0.3865.90 Safari/537.36"
172.24.0.3 - judgehost [25/Aug/2020:17:30:46 +0800] "POST /api/v4/judgehosts/next-judging/7ddb382522e9-0 HTTP/1.1" 200 12 "-" "DOMjudge/7.2.0"
172.24.0.3 - judgehost [25/Aug/2020:17:30:51 +0800] "POST /api/v4/judgehosts/next-judging/7ddb382522e9-0 HTTP/1.1" 200 12 "-" "DOMjudge/7.2.0"
172.24.0.3 - judgehost [25/Aug/2020:17:30:56 +0800] "POST /api/v4/judgehosts/next-judging/7ddb382522e9-0 HTTP/1.1" 200 12 "-" "DOMjudge/7.2.0"
172.24.0.3 - judgehost [25/Aug/2020:17:31:01 +0800] "POST /api/v4/judgehosts/next-judging/7ddb382522e9-0 HTTP/1.1" 200 12 "-" "DOMjudge/7.2.0"
172.24.0.3 - judgehost [25/Aug/2020:17:31:06 +0800] "POST /api/v4/judgehosts/next-judging/7ddb382522e9-0 HTTP/1.1" 200 12 "-" "DOMjudge/7.2.0"
172.24.0.3 - judgehost [25/Aug/2020:17:31:11 +0800] "POST /api/v4/judgehosts/next-judging/7ddb382522e9-0 HTTP/1.1" 200 12 "-" "DOMjudge/7.2.0"
140.123.104.245 - - [25/Aug/2020:17:31:14 +0800] "GET /team HTTP/1.1" 200 1664 "http://140.123.104.67:9191/team" "Mozilla/5.0 (X11; Linux x86_64) AppleWebKit/537.36 (KHTML, like Gecko) Chrome/77.0.3865.90 Safari/537.36"
172.24.0.3 - judgehost [25/Aug/2020:17:31:16 +0800] "POST /api/v4/judgehosts/next-judging/7ddb382522e9-0 HTTP/1.1" 200 12 "-" "DOMjudge/7.2.0"
172.24.0.3 - judgehost [25/Aug/2020:17:31:21 +0800] "POST /api/v4/judgehosts/next-judging/7ddb382522e9-0 HTTP/1.1" 200 12 "-" "DOMjudge/7.2.0"
172.24.0.3 - judgehost [25/Aug/2020:17:31:26 +0800] "POST /api/v4/judgehosts/next-judging/7ddb382522e9-0 HTTP/1.1" 200 12 "-" "DOMjudge/7.2.0"
172.24.0.3 - judgehost [25/Aug/2020:17:31:32 +0800] "POST /api/v4/judgehosts/next-judging/7ddb382522e9-0 HTTP/1.1" 200 12 "-" "DOMjudge/7.2.0"
172.24.0.3 - judgehost [25/Aug/2020:17:31:37 +0800] "POST /api/v4/judgehosts/next-judging/7ddb382522e9-0 HTTP/1.1" 200 12 "-" "DOMjudge/7.2.0"
172.24.0.3 - judgehost [25/Aug/2020:17:31:42 +0800] "POST /api/v4/judgehosts/next-judging/7ddb382522e9-0 HTTP/1.1" 200 12 "-" "DOMjudge/7.2.0"
140.123.104.245 - - [25/Aug/2020:17:31:44 +0800] "GET /team HTTP/1.1" 200 1664 "http://140.123.104.67:9191/team" "Mozilla/5.0 (X11; Linux x86_64) AppleWebKit/537.36 (KHTML, like Gecko) Chrome/77.0.3865.90 Safari/537.36"
172.24.0.3 - judgehost [25/Aug/2020:17:31:47 +0800] "POST /api/v4/judgehosts/next-judging/7ddb382522e9-0 HTTP/1.1" 200 12 "-" "DOMjudge/7.2.0"
172.24.0.3 - judgehost [25/Aug/2020:17:31:52 +0800] "POST /api/v4/judgehosts/next-judging/7ddb382522e9-0 HTTP/1.1" 200 12 "-" "DOMjudge/7.2.0"
172.24.0.3 - judgehost [25/Aug/2020:17:31:57 +0800] "POST /api/v4/judgehosts/next-judging/7ddb382522e9-0 HTTP/1.1" 200 12 "-" "DOMjudge/7.2.0"
172.24.0.3 - judgehost [25/Aug/2020:17:32:02 +0800] "POST /api/v4/judgehosts/next-judging/7ddb382522e9-0 HTTP/1.1" 200 12 "-" "DOMjudge/7.2.0"
172.24.0.3 - judgehost [25/Aug/2020:17:32:07 +0800] "POST /api/v4/judgehosts/next-judging/7ddb382522e9-0 HTTP/1.1" 200 12 "-" "DOMjudge/7.2.0"
172.24.0.3 - judgehost [25/Aug/2020:17:32:13 +0800] "POST /api/v4/judgehosts/next-judging/7ddb382522e9-0 HTTP/1.1" 200 12 "-" "DOMjudge/7.2.0"
140.123.104.245 - - [25/Aug/2020:17:32:14 +0800] "GET /team HTTP/1.1" 200 1664 "http://140.123.104.67:9191/team" "Mozilla/5.0 (X11; Linux x86_64) AppleWebKit/537.36 (KHTML, like Gecko) Chrome/77.0.3865.90 Safari/537.36"
172.24.0.3 - judgehost [25/Aug/2020:17:32:18 +0800] "POST /api/v4/judgehosts/next-judging/7ddb382522e9-0 HTTP/1.1" 200 12 "-" "DOMjudge/7.2.0"
172.24.0.3 - judgehost [25/Aug/2020:17:32:23 +0800] "POST /api/v4/judgehosts/next-judging/7ddb382522e9-0 HTTP/1.1" 200 12 "-" "DOMjudge/7.2.0"
172.24.0.3 - judgehost [25/Aug/2020:17:32:28 +0800] "POST /api/v4/judgehosts/next-judging/7ddb382522e9-0 HTTP/1.1" 200 12 "-" "DOMjudge/7.2.0"
172.24.0.3 - judgehost [25/Aug/2020:17:32:33 +0800] "POST /api/v4/judgehosts/next-judging/7ddb382522e9-0 HTTP/1.1" 200 12 "-" "DOMjudge/7.2.0"
172.24.0.3 - judgehost [25/Aug/2020:17:32:38 +0800] "POST /api/v4/judgehosts/next-judging/7ddb382522e9-0 HTTP/1.1" 200 12 "-" "DOMjudge/7.2.0"
172.24.0.3 - judgehost [25/Aug/2020:17:32:44 +0800] "POST /api/v4/judgehosts/next-judging/7ddb382522e9-0 HTTP/1.1" 200 12 "-" "DOMjudge/7.2.0"
140.123.104.245 - - [25/Aug/2020:17:32:44 +0800] "GET /team HTTP/1.1" 200 1664 "http://140.123.104.67:9191/team" "Mozilla/5.0 (X11; Linux x86_64) AppleWebKit/537.36 (KHTML, like Gecko) Chrome/77.0.3865.90 Safari/537.36"
172.24.0.3 - judgehost [25/Aug/2020:17:32:49 +0800] "POST /api/v4/judgehosts/next-judging/7ddb382522e9-0 HTTP/1.1" 200 12 "-" "DOMjudge/7.2.0"
172.24.0.3 - judgehost [25/Aug/2020:17:32:54 +0800] "POST /api/v4/judgehosts/next-judging/7ddb382522e9-0 HTTP/1.1" 200 12 "-" "DOMjudge/7.2.0"
172.24.0.3 - judgehost [25/Aug/2020:17:32:59 +0800] "POST /api/v4/judgehosts/next-judging/7ddb382522e9-0 HTTP/1.1" 200 12 "-" "DOMjudge/7.2.0"
172.24.0.3 - judgehost [25/Aug/2020:17:33:04 +0800] "POST /api/v4/judgehosts/next-judging/7ddb382522e9-0 HTTP/1.1" 200 12 "-" "DOMjudge/7.2.0"
172.24.0.3 - judgehost [25/Aug/2020:17:33:10 +0800] "POST /api/v4/judgehosts/next-judging/7ddb382522e9-0 HTTP/1.1" 200 12 "-" "DOMjudge/7.2.0"
140.123.104.245 - - [25/Aug/2020:17:33:14 +0800] "GET /team HTTP/1.1" 200 1664 "http://140.123.104.67:9191/team" "Mozilla/5.0 (X11; Linux x86_64) AppleWebKit/537.36 (KHTML, like Gecko) Chrome/77.0.3865.90 Safari/537.36"
172.24.0.3 - judgehost [25/Aug/2020:17:33:15 +0800] "POST /api/v4/judgehosts/next-judging/7ddb382522e9-0 HTTP/1.1" 200 12 "-" "DOMjudge/7.2.0"
172.24.0.3 - judgehost [25/Aug/2020:17:33:20 +0800] "POST /api/v4/judgehosts/next-judging/7ddb382522e9-0 HTTP/1.1" 200 12 "-" "DOMjudge/7.2.0"
172.24.0.3 - judgehost [25/Aug/2020:17:33:26 +0800] "POST /api/v4/judgehosts/next-judging/7ddb382522e9-0 HTTP/1.1" 200 12 "-" "DOMjudge/7.2.0"
172.24.0.3 - judgehost [25/Aug/2020:17:33:32 +0800] "POST /api/v4/judgehosts/next-judging/7ddb382522e9-0 HTTP/1.1" 200 12 "-" "DOMjudge/7.2.0"
172.24.0.3 - judgehost [25/Aug/2020:17:33:37 +0800] "POST /api/v4/judgehosts/next-judging/7ddb382522e9-0 HTTP/1.1" 200 12 "-" "DOMjudge/7.2.0"
172.24.0.3 - judgehost [25/Aug/2020:17:33:42 +0800] "POST /api/v4/judgehosts/next-judging/7ddb382522e9-0 HTTP/1.1" 200 12 "-" "DOMjudge/7.2.0"
140.123.104.245 - - [25/Aug/2020:17:33:44 +0800] "GET /team HTTP/1.1" 200 1664 "http://140.123.104.67:9191/team" "Mozilla/5.0 (X11; Linux x86_64) AppleWebKit/537.36 (KHTML, like Gecko) Chrome/77.0.3865.90 Safari/537.36"
172.24.0.3 - judgehost [25/Aug/2020:17:33:48 +0800] "POST /api/v4/judgehosts/next-judging/7ddb382522e9-0 HTTP/1.1" 200 12 "-" "DOMjudge/7.2.0"
172.24.0.3 - judgehost [25/Aug/2020:17:33:53 +0800] "POST /api/v4/judgehosts/next-judging/7ddb382522e9-0 HTTP/1.1" 200 12 "-" "DOMjudge/7.2.0"
172.24.0.3 - judgehost [25/Aug/2020:17:33:58 +0800] "POST /api/v4/judgehosts/next-judging/7ddb382522e9-0 HTTP/1.1" 200 12 "-" "DOMjudge/7.2.0"
172.24.0.3 - judgehost [25/Aug/2020:17:34:03 +0800] "POST /api/v4/judgehosts/next-judging/7ddb382522e9-0 HTTP/1.1" 200 12 "-" "DOMjudge/7.2.0"
172.24.0.3 - judgehost [25/Aug/2020:17:34:09 +0800] "POST /api/v4/judgehosts/next-judging/7ddb382522e9-0 HTTP/1.1" 200 12 "-" "DOMjudge/7.2.0"
172.24.0.3 - judgehost [25/Aug/2020:17:34:14 +0800] "POST /api/v4/judgehosts/next-judging/7ddb382522e9-0 HTTP/1.1" 200 12 "-" "DOMjudge/7.2.0"
140.123.104.245 - - [25/Aug/2020:17:34:14 +0800] "GET /team HTTP/1.1" 200 1664 "http://140.123.104.67:9191/team" "Mozilla/5.0 (X11; Linux x86_64) AppleWebKit/537.36 (KHTML, like Gecko) Chrome/77.0.3865.90 Safari/537.36"
172.24.0.3 - judgehost [25/Aug/2020:17:34:19 +0800] "POST /api/v4/judgehosts/next-judging/7ddb382522e9-0 HTTP/1.1" 200 12 "-" "DOMjudge/7.2.0"
172.24.0.3 - judgehost [25/Aug/2020:17:34:24 +0800] "POST /api/v4/judgehosts/next-judging/7ddb382522e9-0 HTTP/1.1" 200 12 "-" "DOMjudge/7.2.0"
172.24.0.3 - judgehost [25/Aug/2020:17:34:30 +0800] "POST /api/v4/judgehosts/next-judging/7ddb382522e9-0 HTTP/1.1" 200 12 "-" "DOMjudge/7.2.0"
172.24.0.3 - judgehost [25/Aug/2020:17:34:36 +0800] "POST /api/v4/judgehosts/next-judging/7ddb382522e9-0 HTTP/1.1" 200 12 "-" "DOMjudge/7.2.0"
172.24.0.3 - judgehost [25/Aug/2020:17:34:41 +0800] "POST /api/v4/judgehosts/next-judging/7ddb382522e9-0 HTTP/1.1" 200 12 "-" "DOMjudge/7.2.0"
140.123.104.245 - - [25/Aug/2020:17:34:44 +0800] "GET /team HTTP/1.1" 200 1664 "http://140.123.104.67:9191/team" "Mozilla/5.0 (X11; Linux x86_64) AppleWebKit/537.36 (KHTML, like Gecko) Chrome/77.0.3865.90 Safari/537.36"
172.24.0.3 - judgehost [25/Aug/2020:17:34:46 +0800] "POST /api/v4/judgehosts/next-judging/7ddb382522e9-0 HTTP/1.1" 200 12 "-" "DOMjudge/7.2.0"
172.24.0.3 - judgehost [25/Aug/2020:17:34:52 +0800] "POST /api/v4/judgehosts/next-judging/7ddb382522e9-0 HTTP/1.1" 200 12 "-" "DOMjudge/7.2.0"
172.24.0.3 - judgehost [25/Aug/2020:17:34:57 +0800] "POST /api/v4/judgehosts/next-judging/7ddb382522e9-0 HTTP/1.1" 200 12 "-" "DOMjudge/7.2.0"
172.24.0.3 - judgehost [25/Aug/2020:17:35:02 +0800] "POST /api/v4/judgehosts/next-judging/7ddb382522e9-0 HTTP/1.1" 200 12 "-" "DOMjudge/7.2.0"
172.24.0.3 - judgehost [25/Aug/2020:17:35:07 +0800] "POST /api/v4/judgehosts/next-judging/7ddb382522e9-0 HTTP/1.1" 200 12 "-" "DOMjudge/7.2.0"
172.24.0.3 - judgehost [25/Aug/2020:17:35:12 +0800] "POST /api/v4/judgehosts/next-judging/7ddb382522e9-0 HTTP/1.1" 200 12 "-" "DOMjudge/7.2.0"
140.123.104.245 - - [25/Aug/2020:17:35:14 +0800] "GET /team HTTP/1.1" 200 1664 "http://140.123.104.67:9191/team" "Mozilla/5.0 (X11; Linux x86_64) AppleWebKit/537.36 (KHTML, like Gecko) Chrome/77.0.3865.90 Safari/537.36"
172.24.0.3 - judgehost [25/Aug/2020:17:35:17 +0800] "POST /api/v4/judgehosts/next-judging/7ddb382522e9-0 HTTP/1.1" 200 12 "-" "DOMjudge/7.2.0"
172.24.0.3 - judgehost [25/Aug/2020:17:35:22 +0800] "POST /api/v4/judgehosts/next-judging/7ddb382522e9-0 HTTP/1.1" 200 12 "-" "DOMjudge/7.2.0"
172.24.0.3 - judgehost [25/Aug/2020:17:35:28 +0800] "POST /api/v4/judgehosts/next-judging/7ddb382522e9-0 HTTP/1.1" 200 12 "-" "DOMjudge/7.2.0"
172.24.0.3 - judgehost [25/Aug/2020:17:35:33 +0800] "POST /api/v4/judgehosts/next-judging/7ddb382522e9-0 HTTP/1.1" 200 12 "-" "DOMjudge/7.2.0"
172.24.0.3 - judgehost [25/Aug/2020:17:35:38 +0800] "POST /api/v4/judgehosts/next-judging/7ddb382522e9-0 HTTP/1.1" 200 12 "-" "DOMjudge/7.2.0"
172.24.0.3 - judgehost [25/Aug/2020:17:35:43 +0800] "POST /api/v4/judgehosts/next-judging/7ddb382522e9-0 HTTP/1.1" 200 12 "-" "DOMjudge/7.2.0"
140.123.104.245 - - [25/Aug/2020:17:35:44 +0800] "GET /team HTTP/1.1" 200 1664 "http://140.123.104.67:9191/team" "Mozilla/5.0 (X11; Linux x86_64) AppleWebKit/537.36 (KHTML, like Gecko) Chrome/77.0.3865.90 Safari/537.36"
172.24.0.3 - judgehost [25/Aug/2020:17:35:49 +0800] "POST /api/v4/judgehosts/next-judging/7ddb382522e9-0 HTTP/1.1" 200 12 "-" "DOMjudge/7.2.0"
172.24.0.3 - judgehost [25/Aug/2020:17:35:54 +0800] "POST /api/v4/judgehosts/next-judging/7ddb382522e9-0 HTTP/1.1" 200 12 "-" "DOMjudge/7.2.0"
172.24.0.3 - judgehost [25/Aug/2020:17:35:59 +0800] "POST /api/v4/judgehosts/next-judging/7ddb382522e9-0 HTTP/1.1" 200 12 "-" "DOMjudge/7.2.0"
172.24.0.3 - judgehost [25/Aug/2020:17:36:04 +0800] "POST /api/v4/judgehosts/next-judging/7ddb382522e9-0 HTTP/1.1" 200 12 "-" "DOMjudge/7.2.0"
172.24.0.3 - judgehost [25/Aug/2020:17:36:10 +0800] "POST /api/v4/judgehosts/next-judging/7ddb382522e9-0 HTTP/1.1" 200 12 "-" "DOMjudge/7.2.0"
140.123.104.245 - - [25/Aug/2020:17:36:14 +0800] "GET /team HTTP/1.1" 200 1664 "http://140.123.104.67:9191/team" "Mozilla/5.0 (X11; Linux x86_64) AppleWebKit/537.36 (KHTML, like Gecko) Chrome/77.0.3865.90 Safari/537.36"
172.24.0.3 - judgehost [25/Aug/2020:17:36:15 +0800] "POST /api/v4/judgehosts/next-judging/7ddb382522e9-0 HTTP/1.1" 200 12 "-" "DOMjudge/7.2.0"
172.24.0.3 - judgehost [25/Aug/2020:17:36:20 +0800] "POST /api/v4/judgehosts/next-judging/7ddb382522e9-0 HTTP/1.1" 200 12 "-" "DOMjudge/7.2.0"
172.24.0.3 - judgehost [25/Aug/2020:17:36:26 +0800] "POST /api/v4/judgehosts/next-judging/7ddb382522e9-0 HTTP/1.1" 200 12 "-" "DOMjudge/7.2.0"
172.24.0.3 - judgehost [25/Aug/2020:17:36:31 +0800] "POST /api/v4/judgehosts/next-judging/7ddb382522e9-0 HTTP/1.1" 200 12 "-" "DOMjudge/7.2.0"
172.24.0.3 - judgehost [25/Aug/2020:17:36:36 +0800] "POST /api/v4/judgehosts/next-judging/7ddb382522e9-0 HTTP/1.1" 200 12 "-" "DOMjudge/7.2.0"
172.24.0.3 - judgehost [25/Aug/2020:17:36:41 +0800] "POST /api/v4/judgehosts/next-judging/7ddb382522e9-0 HTTP/1.1" 200 12 "-" "DOMjudge/7.2.0"
140.123.104.245 - - [25/Aug/2020:17:36:44 +0800] "GET /team HTTP/1.1" 200 1664 "http://140.123.104.67:9191/team" "Mozilla/5.0 (X11; Linux x86_64) AppleWebKit/537.36 (KHTML, like Gecko) Chrome/77.0.3865.90 Safari/537.36"
172.24.0.3 - judgehost [25/Aug/2020:17:36:47 +0800] "POST /api/v4/judgehosts/next-judging/7ddb382522e9-0 HTTP/1.1" 200 12 "-" "DOMjudge/7.2.0"
172.24.0.3 - judgehost [25/Aug/2020:17:36:52 +0800] "POST /api/v4/judgehosts/next-judging/7ddb382522e9-0 HTTP/1.1" 200 12 "-" "DOMjudge/7.2.0"
172.24.0.3 - judgehost [25/Aug/2020:17:36:57 +0800] "POST /api/v4/judgehosts/next-judging/7ddb382522e9-0 HTTP/1.1" 200 12 "-" "DOMjudge/7.2.0"
172.24.0.3 - judgehost [25/Aug/2020:17:37:03 +0800] "POST /api/v4/judgehosts/next-judging/7ddb382522e9-0 HTTP/1.1" 200 12 "-" "DOMjudge/7.2.0"
172.24.0.3 - judgehost [25/Aug/2020:17:37:08 +0800] "POST /api/v4/judgehosts/next-judging/7ddb382522e9-0 HTTP/1.1" 200 12 "-" "DOMjudge/7.2.0"
172.24.0.3 - judgehost [25/Aug/2020:17:37:13 +0800] "POST /api/v4/judgehosts/next-judging/7ddb382522e9-0 HTTP/1.1" 200 12 "-" "DOMjudge/7.2.0"
140.123.104.245 - - [25/Aug/2020:17:37:14 +0800] "GET /team HTTP/1.1" 200 1664 "http://140.123.104.67:9191/team" "Mozilla/5.0 (X11; Linux x86_64) AppleWebKit/537.36 (KHTML, like Gecko) Chrome/77.0.3865.90 Safari/537.36"
172.24.0.3 - judgehost [25/Aug/2020:17:37:19 +0800] "POST /api/v4/judgehosts/next-judging/7ddb382522e9-0 HTTP/1.1" 200 12 "-" "DOMjudge/7.2.0"
172.24.0.3 - judgehost [25/Aug/2020:17:37:24 +0800] "POST /api/v4/judgehosts/next-judging/7ddb382522e9-0 HTTP/1.1" 200 12 "-" "DOMjudge/7.2.0"
172.24.0.3 - judgehost [25/Aug/2020:17:37:29 +0800] "POST /api/v4/judgehosts/next-judging/7ddb382522e9-0 HTTP/1.1" 200 12 "-" "DOMjudge/7.2.0"
172.24.0.3 - judgehost [25/Aug/2020:17:37:35 +0800] "POST /api/v4/judgehosts/next-judging/7ddb382522e9-0 HTTP/1.1" 200 12 "-" "DOMjudge/7.2.0"
172.24.0.3 - judgehost [25/Aug/2020:17:37:40 +0800] "POST /api/v4/judgehosts/next-judging/7ddb382522e9-0 HTTP/1.1" 200 12 "-" "DOMjudge/7.2.0"
140.123.104.245 - - [25/Aug/2020:17:37:44 +0800] "GET /team HTTP/1.1" 200 1664 "http://140.123.104.67:9191/team" "Mozilla/5.0 (X11; Linux x86_64) AppleWebKit/537.36 (KHTML, like Gecko) Chrome/77.0.3865.90 Safari/537.36"
172.24.0.3 - judgehost [25/Aug/2020:17:37:46 +0800] "POST /api/v4/judgehosts/next-judging/7ddb382522e9-0 HTTP/1.1" 200 12 "-" "DOMjudge/7.2.0"
172.24.0.3 - judgehost [25/Aug/2020:17:37:51 +0800] "POST /api/v4/judgehosts/next-judging/7ddb382522e9-0 HTTP/1.1" 200 12 "-" "DOMjudge/7.2.0"
172.24.0.3 - judgehost [25/Aug/2020:17:37:56 +0800] "POST /api/v4/judgehosts/next-judging/7ddb382522e9-0 HTTP/1.1" 200 12 "-" "DOMjudge/7.2.0"
172.24.0.3 - judgehost [25/Aug/2020:17:38:01 +0800] "POST /api/v4/judgehosts/next-judging/7ddb382522e9-0 HTTP/1.1" 200 12 "-" "DOMjudge/7.2.0"
172.24.0.3 - judgehost [25/Aug/2020:17:38:06 +0800] "POST /api/v4/judgehosts/next-judging/7ddb382522e9-0 HTTP/1.1" 200 12 "-" "DOMjudge/7.2.0"
172.24.0.3 - judgehost [25/Aug/2020:17:38:12 +0800] "POST /api/v4/judgehosts/next-judging/7ddb382522e9-0 HTTP/1.1" 200 12 "-" "DOMjudge/7.2.0"
140.123.104.245 - - [25/Aug/2020:17:38:14 +0800] "GET /team HTTP/1.1" 200 1664 "http://140.123.104.67:9191/team" "Mozilla/5.0 (X11; Linux x86_64) AppleWebKit/537.36 (KHTML, like Gecko) Chrome/77.0.3865.90 Safari/537.36"
172.24.0.3 - judgehost [25/Aug/2020:17:38:17 +0800] "POST /api/v4/judgehosts/next-judging/7ddb382522e9-0 HTTP/1.1" 200 12 "-" "DOMjudge/7.2.0"
172.24.0.3 - judgehost [25/Aug/2020:17:38:23 +0800] "POST /api/v4/judgehosts/next-judging/7ddb382522e9-0 HTTP/1.1" 200 12 "-" "DOMjudge/7.2.0"
172.24.0.3 - judgehost [25/Aug/2020:17:38:28 +0800] "POST /api/v4/judgehosts/next-judging/7ddb382522e9-0 HTTP/1.1" 200 12 "-" "DOMjudge/7.2.0"
172.24.0.3 - judgehost [25/Aug/2020:17:38:33 +0800] "POST /api/v4/judgehosts/next-judging/7ddb382522e9-0 HTTP/1.1" 200 12 "-" "DOMjudge/7.2.0"
